roll_1_15min_LSTM_seed17: epoch=10 val_RMSE=1.6783 elapsed=0.9s
roll_1_15min_LSTM_seed42: epoch=10 val_RMSE=1.6727 elapsed=0.9s
roll_1_15min_LSTM_seed2026: epoch=16 val_RMSE=1.6703 elapsed=1.1s
roll_1_15min_GRU_seed17: epoch=30 val_RMSE=1.6181 elapsed=1.5s
roll_1_15min_GRU_seed42: epoch=20 val_RMSE=1.6277 elapsed=1.1s
roll_1_15min_GRU_seed2026: epoch=7 val_RMSE=1.7000 elapsed=0.6s
roll_2_15min_LSTM_seed17: epoch=15 val_RMSE=1.3800 elapsed=1.5s
roll_2_15min_LSTM_seed42: epoch=18 val_RMSE=1.3717 elapsed=1.7s
roll_2_15min_LSTM_seed2026: epoch=7 val_RMSE=1.3953 elapsed=0.9s
roll_2_15min_GRU_seed17: epoch=12 val_RMSE=1.3814 elapsed=1.0s
roll_2_15min_GRU_seed42: epoch=17 val_RMSE=1.3991 elapsed=1.3s
roll_2_15min_GRU_seed2026: epoch=12 val_RMSE=1.3991 elapsed=1.1s
roll_3_15min_LSTM_seed17: epoch=28 val_RMSE=1.8706 elapsed=2.8s
roll_3_15min_LSTM_seed42: epoch=22 val_RMSE=1.8755 elapsed=2.4s
roll_3_15min_LSTM_seed2026: epoch=32 val_RMSE=1.8033 elapsed=2.8s
roll_3_15min_GRU_seed17: epoch=16 val_RMSE=1.8561 elapsed=1.5s
roll_3_15min_GRU_seed42: epoch=23 val_RMSE=1.8730 elapsed=2.1s
roll_3_15min_GRU_seed2026: epoch=26 val_RMSE=1.8221 elapsed=2.2s
roll_1_60min_LSTM_seed17: epoch=8 val_RMSE=2.4814 elapsed=0.7s
roll_1_60min_LSTM_seed42: epoch=9 val_RMSE=2.4609 elapsed=0.7s
roll_1_60min_LSTM_seed2026: epoch=6 val_RMSE=2.4916 elapsed=0.6s
roll_1_60min_GRU_seed17: epoch=10 val_RMSE=2.4844 elapsed=0.7s
roll_1_60min_GRU_seed42: epoch=15 val_RMSE=2.5240 elapsed=0.9s
roll_1_60min_GRU_seed2026: epoch=7 val_RMSE=2.5816 elapsed=0.5s
roll_2_60min_LSTM_seed17: epoch=18 val_RMSE=2.3320 elapsed=1.6s
roll_2_60min_LSTM_seed42: epoch=24 val_RMSE=2.2237 elapsed=1.9s
roll_2_60min_LSTM_seed2026: epoch=21 val_RMSE=2.2488 elapsed=1.8s
roll_2_60min_GRU_seed17: epoch=14 val_RMSE=2.3013 elapsed=1.1s
roll_2_60min_GRU_seed42: epoch=20 val_RMSE=2.3114 elapsed=1.6s
roll_2_60min_GRU_seed2026: epoch=15 val_RMSE=2.3119 elapsed=1.2s
roll_3_60min_LSTM_seed17: epoch=9 val_RMSE=2.5300 elapsed=1.4s
roll_3_60min_LSTM_seed42: epoch=32 val_RMSE=2.3306 elapsed=2.7s
roll_3_60min_LSTM_seed2026: epoch=18 val_RMSE=2.4317 elapsed=1.9s
roll_3_60min_GRU_seed17: epoch=16 val_RMSE=2.3448 elapsed=1.6s
roll_3_60min_GRU_seed42: epoch=18 val_RMSE=2.4016 elapsed=1.7s
roll_3_60min_GRU_seed2026: epoch=17 val_RMSE=2.2763 elapsed=1.7s
 horizon_minutes   fold                      model scope  RMSE_mean_MW  RMSE_seed_std_MW  MAE_mean_MW  seed_runs    n
              15 roll_1                        GRU   all      1.637084          0.053150     0.791970          3  959
              15 roll_1                  HGB_local   all      1.684269               NaN     0.828895          1  959
              15 roll_1          HGB_local_surface   all      1.682655               NaN     0.885369          1  959
              15 roll_1 HGB_local_surface_pressure   all      1.708547               NaN     0.868363          1  959
              15 roll_1                       LSTM   all      1.673574          0.012435     0.722797          3  959
              15 roll_1                persistence   all      1.799113               NaN     0.829086          1  959
              15 roll_2                        GRU   all      1.744177          0.008277     0.793067          3  959
              15 roll_2                  HGB_local   all      1.667258               NaN     0.721816          1  959
              15 roll_2          HGB_local_surface   all      1.659023               NaN     0.723626          1  959
              15 roll_2 HGB_local_surface_pressure   all      1.639343               NaN     0.716018          1  959
              15 roll_2                       LSTM   all      1.738675          0.026770     0.736456          3  959
              15 roll_2                persistence   all      1.922250               NaN     0.905440          1  959
              15 roll_3                        GRU   all      2.257087          0.025669     0.928293          3 1295
              15 roll_3                  HGB_local   all      2.200116               NaN     0.877072          1 1295
              15 roll_3          HGB_local_surface   all      2.164859               NaN     0.864385          1 1295
              15 roll_3 HGB_local_surface_pressure   all      2.166623               NaN     0.871256          1 1295
              15 roll_3                       LSTM   all      2.260903          0.018229     0.958339          3 1295
              15 roll_3                persistence   all      2.468651               NaN     1.049482          1 1295
              60 roll_1                        GRU   all      2.922651          0.068049     1.677337          3  956
              60 roll_1                  HGB_local   all      3.266730               NaN     1.642615          1  956
              60 roll_1          HGB_local_surface   all      2.891979               NaN     1.500657          1  956
              60 roll_1 HGB_local_surface_pressure   all      2.943684               NaN     1.545195          1  956
              60 roll_1                       LSTM   all      2.960153          0.101233     1.592919          3  956
              60 roll_1                persistence   all      3.873783               NaN     2.216270          1  956
              60 roll_2                        GRU   all      2.744228          0.088581     1.626063          3  956
              60 roll_2                  HGB_local   all      2.597782               NaN     1.316128          1  956
              60 roll_2          HGB_local_surface   all      2.401961               NaN     1.197669          1  956
              60 roll_2 HGB_local_surface_pressure   all      2.273870               NaN     1.166977          1  956
              60 roll_2                       LSTM   all      2.743203          0.062341     1.411396          3  956
              60 roll_2                persistence   all      4.063246               NaN     2.419001          1  956
              60 roll_3                        GRU   all      3.255012          0.019246     1.634302          3 1289
              60 roll_3                  HGB_local   all      3.296487               NaN     1.712419          1 1289
              60 roll_3          HGB_local_surface   all      3.119888               NaN     1.563383          1 1289
              60 roll_3 HGB_local_surface_pressure   all      3.116613               NaN     1.554475          1 1289
              60 roll_3                       LSTM   all      3.480068          0.202683     1.709886          3 1289
              60 roll_3                persistence   all      4.470432               NaN     2.495930          1 1289
Complete: /Users/sushengxin/Desktop/NTU_BLOCKCHAIN/Capstone _Deye/NTU_Capstone_DY/PVOD_Forecast/results/station05_sequence_v2
